  Determining projects to restore...
  All projects are up-to-date for restore.
  Library_Management_System.Web -> C:\Users\Admin\Library_Management_System.Web\bin\Debug\net8.0\Library_Management_System.Web.dll

Build succeeded.
    0 Warning(s)
    0 Error(s)

Time Elapsed 00:00:01.98
